// Jest Snapshot v1, https://goo.gl/fbAQLP

exports[`AppHeader <AppHeader /> should render list of navigation links 1`] = `
<div
  className="app-header"
>
  <ul
    className="raw not-mobile"
  >
    <li>
      <NavLink
        exact={true}
        to="/"
      >
        Home
      </NavLink>
    </li>
    <li>
      <NavLink
        to="/about"
      >
        About
      </NavLink>
    </li>
  </ul>
  <div
    className="burger-menu mobile"
  >
    <h2>
      Burger Menu
    </h2>
  </div>
</div>
`;
